  Determining projects to restore...
  All projects are up-to-date for restore.
  MTM_Waitlist.Core -> C:\Users\johnk\source\repos\MTM_Waitlist\MTM_Waitlist.Core\bin\x64\Debug\net10.0-windows10.0.19041.0\MTM_Waitlist.Core.dll
  MTM_Waitlist.Shared -> C:\Users\johnk\source\repos\MTM_Waitlist\MTM_Waitlist.Shared\bin\x64\Debug\net10.0-windows10.0.19041.0\MTM_Waitlist.Shared.dll
  MTM_Waitlist.Settings -> C:\Users\johnk\source\repos\MTM_Waitlist\MTM_Waitlist.Settings\bin\x64\Debug\net10.0-windows10.0.19041.0\MTM_Waitlist.Settings.dll
  MTM_Waitlist.Setup -> C:\Users\johnk\source\repos\MTM_Waitlist\MTM_Waitlist.Setup\bin\x64\Debug\net10.0-windows10.0.19041.0\MTM_Waitlist.Setup.dll
  MTM_Waitlist.Startup -> C:\Users\johnk\source\repos\MTM_Waitlist\MTM_Waitlist.Startup\bin\x64\Debug\net10.0-windows10.0.19041.0\MTM_Waitlist.Startup.dll
  MTM_Waitlist.Waitlist.View -> C:\Users\johnk\source\repos\MTM_Waitlist\MTM_Waitlist.Waitlist.View\bin\x64\Debug\net10.0-windows10.0.19041.0\MTM_Waitlist.Waitlist.View.dll
  MTM_Waitlist.Waitlist.NewRequest -> C:\Users\johnk\source\repos\MTM_Waitlist\MTM_Waitlist.Waitlist.NewRequest\bin\x64\Debug\net10.0-windows10.0.19041.0\MTM_Waitlist.Waitlist.NewRequest.dll
  MTM_Waitlist.Waitlist.Controls -> C:\Users\johnk\source\repos\MTM_Waitlist\MTM_Waitlist.Waitlist.Controls\bin\x64\Debug\net10.0-windows10.0.19041.0\MTM_Waitlist.Waitlist.Controls.dll
  MTM_Waitlist.Reporting -> C:\Users\johnk\source\repos\MTM_Waitlist\MTM_Waitlist.Reporting\bin\x64\Debug\net10.0-windows10.0.19041.0\MTM_Waitlist.Reporting.dll
